// Jest Snapshot v1, https://goo.gl/fbAQLP

exports[`Svg renders 1`] = `
.emotion-0 {
  width: 16px;
  height: 16px;
}

<div>
  <svg
    aria-hidden="true"
    class="emotion-0"
    viewBox="0 0 24 24"
    xmlns="http://www.w3.org/2000/svg"
  />
</div>
`;
